2026-09-22 22:51:14 INFO  (LoggingInitialization) Using log config file: jar:file:/C:/Users/Raizyr/Desktop/projects/KeyboardRE/local-tools/ghidra/ghidra_12.1.3_PUBLIC/Ghidra/Framework/Generic/lib/Generic.jar!/generic.log4j.xml  
2026-09-22 22:51:14 INFO  (LoggingInitialization) Using log file: C:\Users\Raizyr\Desktop\projects\KeyboardRE\hi75-web\analysis\firmware-ghidra-entry\headless.log  
2026-09-22 22:51:14 DEBUG (GhidraObjectInputFilter) Including serial input filter: FileSystem/data/client.rmi.serial.filter  
2026-09-22 22:51:14 INFO  (Preferences) Loading user preferences: C:\Users\Raizyr\Desktop\projects\KeyboardRE\local-tools\appdata-fresh\ghidra\ghidra_12.1.3_PUBLIC\preferences  
2026-09-22 22:51:14 INFO  (ClassSearcher) Searching for classes...  
2026-09-22 22:51:15 INFO  (ClassSearcher) Class search complete (1037 ms)  
2026-09-22 22:51:16 INFO  (DefaultSSLContextInitializer) Initializing SSL Context  
2026-09-22 22:51:16 INFO  (SecureRandomFactory) Initializing Random Number Generator...  
2026-09-22 22:51:16 INFO  (SecureRandomFactory) Random Number Generator initialization complete: SHA1PRNG  
2026-09-22 22:51:16 INFO  (DefaultTrustManagerFactory) Trust manager disabled, cacerts have not been set  
2026-09-22 22:51:21 INFO  (AnalyzeHeadless) Headless startup complete (7829 ms)  
2026-09-22 22:51:21 INFO  (ClassSearcher) Class searcher loaded 59 extension points (20 false positives)  
2026-09-22 22:51:22 INFO  (HeadlessAnalyzer) HEADLESS Script Paths:
    C:\Users\Raizyr\Desktop\projects\KeyboardRE\local-tools\ghidra\ghidra_12.1.3_PUBLIC\Ghidra\Processors\DATA\ghidra_scripts
    C:\Users\Raizyr\Desktop\projects\KeyboardRE\local-tools\ghidra\ghidra_12.1.3_PUBLIC\Ghidra\Features\SwiftDemangler\ghidra_scripts
    C:\Users\Raizyr\Desktop\projects\KeyboardRE\local-tools\ghidra\ghidra_12.1.3_PUBLIC\Ghidra\Features\BytePatterns\ghidra_scripts
    C:\Users\Raizyr\Desktop\projects\KeyboardRE\local-tools\ghidra\ghidra_12.1.3_PUBLIC\Ghidra\Processors\PIC\ghidra_scripts
    C:\Users\Raizyr\Desktop\projects\KeyboardRE\local-tools\ghidra\ghidra_12.1.3_PUBLIC\Ghidra\Debug\Debugger\ghidra_scripts
    C:\Users\Raizyr\Desktop\projects\KeyboardRE\local-tools\ghidra\ghidra_12.1.3_PUBLIC\Ghidra\Features\FileFormats\ghidra_scripts
    C:\Users\Raizyr\Desktop\projects\KeyboardRE\local-tools\ghidra\ghidra_12.1.3_PUBLIC\Ghidra\Features\MicrosoftCodeAnalyzer\ghidra_scripts
    C:\Users\Raizyr\Desktop\projects\KeyboardRE\local-tools\ghidra\ghidra_12.1.3_PUBLIC\Ghidra\Features\BSim\ghidra_scripts
    C:\Users\Raizyr\Desktop\projects\KeyboardRE\local-tools\ghidra\ghidra_12.1.3_PUBLIC\Ghidra\Features\DecompilerDependent\ghidra_scripts
    C:\Users\Raizyr\Desktop\projects\KeyboardRE\local-tools\ghidra\ghidra_12.1.3_PUBLIC\Ghidra\Features\PyGhidra\ghidra_scripts
    C:\Users\Raizyr\Desktop\projects\KeyboardRE\hi75-web\analysis\ghidra-oemdrv-635587cf\compiled-scripts-v2
    C:\Users\Raizyr\Desktop\projects\KeyboardRE\local-tools\ghidra\ghidra_12.1.3_PUBLIC\Ghidra\Features\PDB\ghidra_scripts
    C:\Users\Raizyr\Desktop\projects\KeyboardRE\local-tools\ghidra\ghidra_12.1.3_PUBLIC\Ghidra\Features\GnuDemangler\ghidra_scripts
    C:\Users\Raizyr\Desktop\projects\KeyboardRE\local-tools\ghidra\ghidra_12.1.3_PUBLIC\Ghidra\Features\VersionTracking\ghidra_scripts
    C:\Users\Raizyr\Desktop\projects\KeyboardRE\local-tools\ghidra\ghidra_12.1.3_PUBLIC\Ghidra\Debug\Debugger-rmi-trace\ghidra_scripts
    C:\Users\Raizyr\Desktop\projects\KeyboardRE\local-tools\ghidra\ghidra_12.1.3_PUBLIC\Ghidra\Features\FunctionID\ghidra_scripts
    C:\Users\Raizyr\Desktop\projects\KeyboardRE\local-tools\ghidra\ghidra_12.1.3_PUBLIC\Ghidra\Processors\Atmel\ghidra_scripts
    C:\Users\Raizyr\Desktop\projects\KeyboardRE\local-tools\ghidra\ghidra_12.1.3_PUBLIC\Ghidra\Processors\8051\ghidra_scripts
    C:\Users\Raizyr\Desktop\projects\KeyboardRE\local-tools\ghidra\ghidra_12.1.3_PUBLIC\Ghidra\Features\WildcardAssembler\ghidra_scripts
    C:\Users\Raizyr\Desktop\projects\KeyboardRE\local-tools\ghidra\ghidra_12.1.3_PUBLIC\Ghidra\Features\Base\ghidra_scripts
    C:\Users\Raizyr\Desktop\projects\KeyboardRE\local-tools\ghidra\ghidra_12.1.3_PUBLIC\Ghidra\Features\SystemEmulation\ghidra_scripts
    C:\Users\Raizyr\Desktop\projects\KeyboardRE\local-tools\ghidra\ghidra_12.1.3_PUBLIC\Ghidra\Processors\JVM\ghidra_scripts
    C:\Users\Raizyr\Desktop\projects\KeyboardRE\local-tools\ghidra\ghidra_12.1.3_PUBLIC\Ghidra\Features\Decompiler\ghidra_scripts  
2026-09-22 22:51:22 INFO  (HeadlessAnalyzer) HEADLESS: execution starts  
2026-09-22 22:51:22 INFO  (HeadlessAnalyzer) Opening existing project: C:\Users\Raizyr\Desktop\projects\KeyboardRE\hi75-web\analysis\ghidra-projects\Hi75Firmware  
2026-09-22 22:51:22 INFO  (HeadlessProject) Opening project: C:\Users\Raizyr\Desktop\projects\KeyboardRE\hi75-web\analysis\ghidra-projects\Hi75Firmware  
2026-09-22 22:51:31 INFO  (HeadlessAnalyzer) REPORT: Processing project file: /firmware.bin  
2026-09-22 22:51:31 INFO  (HeadlessAnalyzer) REPORT: Execute script: ExportFirmwareEntry.class 'C:\Users\Raizyr\Desktop\projects\KeyboardRE\hi75-web\analysis\firmware-ghidra-entry'   
2026-09-22 22:51:31 INFO  (HeadlessAnalyzer) SCRIPT: ExportFirmwareEntry.class  
2026-09-22 22:51:31 INFO  (GhidraScript) ExportFirmwareEntry.class> Wrote C:\Users\Raizyr\Desktop\projects\KeyboardRE\hi75-web\analysis\firmware-ghidra-entry\firmware-entry.txt  
2026-09-22 22:51:31 INFO  (HeadlessAnalyzer) REPORT: Save succeeded for processed file: /firmware.bin  
