2026-09-22 22:44:35 INFO  (LoggingInitialization) Using log config file: jar:file:/C:/Users/Raizyr/Desktop/projects/KeyboardRE/local-tools/ghidra/ghidra_12.1.3_PUBLIC/Ghidra/Framework/Generic/lib/Generic.jar!/generic.log4j.xml  
2026-09-22 22:44:35 INFO  (LoggingInitialization) Using log file: C:\Users\Raizyr\Desktop\projects\KeyboardRE\hi75-web\analysis\ghidra-oemdrv-635587cf\followup-matrix-callers\headless.log  
2026-09-22 22:44:35 DEBUG (GhidraObjectInputFilter) Including serial input filter: FileSystem/data/client.rmi.serial.filter  
2026-09-22 22:44:35 INFO  (Preferences) Loading user preferences: C:\Users\Raizyr\Desktop\projects\KeyboardRE\local-tools\appdata-fresh\ghidra\ghidra_12.1.3_PUBLIC\preferences  
2026-09-22 22:44:35 INFO  (ClassSearcher) Searching for classes...  
2026-09-22 22:44:36 INFO  (ClassSearcher) Class search complete (816 ms)  
2026-09-22 22:44:36 INFO  (DefaultSSLContextInitializer) Initializing SSL Context  
2026-09-22 22:44:36 INFO  (SecureRandomFactory) Initializing Random Number Generator...  
2026-09-22 22:44:36 INFO  (SecureRandomFactory) Random Number Generator initialization complete: SHA1PRNG  
2026-09-22 22:44:36 INFO  (DefaultTrustManagerFactory) Trust manager disabled, cacerts have not been set  
2026-09-22 22:44:42 INFO  (AnalyzeHeadless) Headless startup complete (7596 ms)  
2026-09-22 22:44:42 INFO  (ClassSearcher) Class searcher loaded 59 extension points (20 false positives)  
2026-09-22 22:44:42 INFO  (HeadlessAnalyzer) HEADLESS Script Paths:
    C:\Users\Raizyr\Desktop\projects\KeyboardRE\local-tools\ghidra\ghidra_12.1.3_PUBLIC\Ghidra\Processors\DATA\ghidra_scripts
    C:\Users\Raizyr\Desktop\projects\KeyboardRE\local-tools\ghidra\ghidra_12.1.3_PUBLIC\Ghidra\Features\SwiftDemangler\ghidra_scripts
    C:\Users\Raizyr\Desktop\projects\KeyboardRE\local-tools\ghidra\ghidra_12.1.3_PUBLIC\Ghidra\Features\BytePatterns\ghidra_scripts
    C:\Users\Raizyr\Desktop\projects\KeyboardRE\local-tools\ghidra\ghidra_12.1.3_PUBLIC\Ghidra\Processors\PIC\ghidra_scripts
    C:\Users\Raizyr\Desktop\projects\KeyboardRE\local-tools\ghidra\ghidra_12.1.3_PUBLIC\Ghidra\Debug\Debugger\ghidra_scripts
    C:\Users\Raizyr\Desktop\projects\KeyboardRE\local-tools\ghidra\ghidra_12.1.3_PUBLIC\Ghidra\Features\FileFormats\ghidra_scripts
    C:\Users\Raizyr\Desktop\projects\KeyboardRE\local-tools\ghidra\ghidra_12.1.3_PUBLIC\Ghidra\Features\MicrosoftCodeAnalyzer\ghidra_scripts
    C:\Users\Raizyr\Desktop\projects\KeyboardRE\local-tools\ghidra\ghidra_12.1.3_PUBLIC\Ghidra\Features\BSim\ghidra_scripts
    C:\Users\Raizyr\Desktop\projects\KeyboardRE\local-tools\ghidra\ghidra_12.1.3_PUBLIC\Ghidra\Features\DecompilerDependent\ghidra_scripts
    C:\Users\Raizyr\Desktop\projects\KeyboardRE\local-tools\ghidra\ghidra_12.1.3_PUBLIC\Ghidra\Features\PyGhidra\ghidra_scripts
    C:\Users\Raizyr\Desktop\projects\KeyboardRE\hi75-web\analysis\ghidra-oemdrv-635587cf\compiled-scripts-v2
    C:\Users\Raizyr\Desktop\projects\KeyboardRE\local-tools\ghidra\ghidra_12.1.3_PUBLIC\Ghidra\Features\PDB\ghidra_scripts
    C:\Users\Raizyr\Desktop\projects\KeyboardRE\local-tools\ghidra\ghidra_12.1.3_PUBLIC\Ghidra\Features\GnuDemangler\ghidra_scripts
    C:\Users\Raizyr\Desktop\projects\KeyboardRE\local-tools\ghidra\ghidra_12.1.3_PUBLIC\Ghidra\Features\VersionTracking\ghidra_scripts
    C:\Users\Raizyr\Desktop\projects\KeyboardRE\local-tools\ghidra\ghidra_12.1.3_PUBLIC\Ghidra\Debug\Debugger-rmi-trace\ghidra_scripts
    C:\Users\Raizyr\Desktop\projects\KeyboardRE\local-tools\ghidra\ghidra_12.1.3_PUBLIC\Ghidra\Features\FunctionID\ghidra_scripts
    C:\Users\Raizyr\Desktop\projects\KeyboardRE\local-tools\ghidra\ghidra_12.1.3_PUBLIC\Ghidra\Processors\Atmel\ghidra_scripts
    C:\Users\Raizyr\Desktop\projects\KeyboardRE\local-tools\ghidra\ghidra_12.1.3_PUBLIC\Ghidra\Processors\8051\ghidra_scripts
    C:\Users\Raizyr\Desktop\projects\KeyboardRE\local-tools\ghidra\ghidra_12.1.3_PUBLIC\Ghidra\Features\WildcardAssembler\ghidra_scripts
    C:\Users\Raizyr\Desktop\projects\KeyboardRE\local-tools\ghidra\ghidra_12.1.3_PUBLIC\Ghidra\Features\Base\ghidra_scripts
    C:\Users\Raizyr\Desktop\projects\KeyboardRE\local-tools\ghidra\ghidra_12.1.3_PUBLIC\Ghidra\Features\SystemEmulation\ghidra_scripts
    C:\Users\Raizyr\Desktop\projects\KeyboardRE\local-tools\ghidra\ghidra_12.1.3_PUBLIC\Ghidra\Processors\JVM\ghidra_scripts
    C:\Users\Raizyr\Desktop\projects\KeyboardRE\local-tools\ghidra\ghidra_12.1.3_PUBLIC\Ghidra\Features\Decompiler\ghidra_scripts  
2026-09-22 22:44:42 INFO  (HeadlessAnalyzer) HEADLESS: execution starts  
2026-09-22 22:44:42 INFO  (HeadlessAnalyzer) Opening existing project: C:\Users\Raizyr\Desktop\projects\KeyboardRE\hi75-web\analysis\ghidra-projects\Hi75App  
2026-09-22 22:44:42 INFO  (HeadlessProject) Opening project: C:\Users\Raizyr\Desktop\projects\KeyboardRE\hi75-web\analysis\ghidra-projects\Hi75App  
2026-09-22 22:44:51 INFO  (HeadlessAnalyzer) REPORT: Processing project file: /OemDrv.exe  
2026-09-22 22:44:52 INFO  (HeadlessAnalyzer) REPORT: Execute script: ExportHidPaths.class 'C:\Users\Raizyr\Desktop\projects\KeyboardRE\hi75-web\analysis\ghidra-oemdrv-635587cf\followup-matrix-callers' '004a3f86' '004a4ae5' '004a5169' '004a51b9' '004a5562' '004a73b9' '004b2857' '004c6bb9'   
2026-09-22 22:44:52 INFO  (HeadlessAnalyzer) SCRIPT: ExportHidPaths.class  
2026-09-22 22:44:54 INFO  (GhidraScript) ExportHidPaths.class> Wrote C:\Users\Raizyr\Desktop\projects\KeyboardRE\hi75-web\analysis\ghidra-oemdrv-635587cf\followup-matrix-callers\hid-paths.txt  
2026-09-22 22:44:54 INFO  (HeadlessAnalyzer) REPORT: Save succeeded for processed file: /OemDrv.exe  
